[www.overleaf.com/learn.html]
[backblue.gif]
[fade.gif]
[index.html]
[cdn.overleaf.com/img/ol-brand/overleaf_og_logo.png]
[cdn.overleaf.com/js/en-json-5ee3d7a6fdd6e71a9730.js]
[www.google-analytics.com/analytics.js]
[www.overleaf.com/learn/latex/Learn_LaTeX_in_30_minutes.html]
[www.overleaf.com/learn/latex/Paragraphs_and_new_lines.html]
[www.overleaf.com/learn/latex/Bold,_italics_and_underlining.html]
[www.overleaf.com/learn/latex/Lists.html]
[www.overleaf.com/learn/latex/Mathematical_expressions.html]
[www.overleaf.com/learn/latex/Bibliography_management_in_LaTeX.html]
[www.overleaf.com/learn/latex/Inserting_Images.html]
[www.overleaf.com/learn/latex/Tables.html]
[www.overleaf.com/learn/latex/International_language_support.html]
[www.overleaf.com/learn/latex/Arabic.html]
[www.overleaf.com/learn/latex/Chinese.html]
[www.overleaf.com/learn/latex/French.html]
[www.overleaf.com/learn/latex/German.html]
[www.overleaf.com/learn/latex/Greek.html]
[www.overleaf.com/learn/latex/Italian.html]
[www.overleaf.com/learn/latex/Japanese.html]
[www.overleaf.com/learn/latex/Korean.html]
[www.overleaf.com/learn/latex/Portuguese.html]
[www.overleaf.com/learn/latex/Russian.html]
[www.overleaf.com/learn/latex/Spanish.html]
[www.overleaf.com/learn/latex/Multilingual_typesetting_on_Overleaf_using_polyglossia_and_fontspec.html]
[www.overleaf.com/learn/latex/Articles.html]
[www.overleaf.com/learn/latex/Using_the_History_feature.html]
[www.overleaf.com/learn/latex/Choosing_a_LaTeX_Compiler.html]
[www.overleaf.com/learn/latex/Errors.html]
[www.overleaf.com/learn/latex/Subscripts_and_superscripts.html]
[www.overleaf.com/learn/latex/Brackets_and_Parentheses.html]
[www.overleaf.com/learn/latex/Matrices.html]
[www.overleaf.com/learn/latex/Fractions_and_Binomials.html]
[www.overleaf.com/learn/latex/Aligning_equations_with_amsmath.html]
[www.overleaf.com/learn/latex/Operators.html]
[www.overleaf.com/learn/latex/Spacing_in_math_mode.html]
[www.overleaf.com/learn/latex/Integrals,_sums_and_limits.html]
[www.overleaf.com/learn/latex/Display_style_in_math_mode.html]
[www.overleaf.com/learn/latex/List_of_Greek_letters_and_math_symbols.html]
[www.overleaf.com/learn/latex/Mathematical_fonts.html]
[www.overleaf.com/learn/latex/Positioning_images_and_tables.html]
[www.overleaf.com/learn/latex/Lists_of_tables_and_figures.html]
[www.overleaf.com/learn/latex/Picture_environment.html]
[www.overleaf.com/learn/latex/TikZ_package.html]
[www.overleaf.com/learn/latex/Bibliography_management_with_bibtex.html]
[www.overleaf.com/learn/latex/Bibliography_management_with_natbib.html]
[www.overleaf.com/learn/latex/Bibliography_management_with_biblatex.html]
[www.overleaf.com/learn/latex/Bibtex_bibliography_styles.html]
[www.overleaf.com/learn/latex/Natbib_bibliography_styles.html]
[www.overleaf.com/learn/latex/Natbib_citation_styles.html]
[www.overleaf.com/learn/latex/Biblatex_bibliography_styles.html]
[www.overleaf.com/learn/latex/Biblatex_citation_styles.html]
[www.overleaf.com/learn/latex/Multilingual_typesetting_on_Overleaf_using_babel_and_fontspec.html]
[www.overleaf.com/learn/latex/Typesetting_quotations.html]
[www.overleaf.com/learn/latex/Sections_and_chapters.html]
[www.overleaf.com/learn/latex/Table_of_contents.html]
[www.overleaf.com/learn/latex/Cross_referencing_sections,_equations_and_floats.html]
[www.overleaf.com/learn/latex/Indices.html]
[www.overleaf.com/learn/latex/Glossaries.html]
[www.overleaf.com/learn/latex/Nomenclatures.html]
[www.overleaf.com/learn/latex/Management_in_a_large_project.html]
[www.overleaf.com/learn/latex/Multi-file_LaTeX_projects.html]
[www.overleaf.com/learn/latex/Writing_your_own_package.html]
[www.overleaf.com/learn/latex/Writing_your_own_class.html]
[www.overleaf.com/learn/latex/Tutorials.html]
[cdn.overleaf.com/js/6708-bb0ec2a596e2d79e281e.js]
[cdn.overleaf.com/js/1299-340aed457cf26db6735c.js]
[cdn.overleaf.com/js/6355-7163e9bedb3c31a04d77.js]
[cdn.overleaf.com/js/2450-b356853f41e99815b7e0.js]
[cdn.overleaf.com/js/5071-4caa6fbe5a39e716483c.js]
[cdn.overleaf.com/js/2570-27469efce30426390030.js]
[cdn.overleaf.com/js/7604-4813a9465eb5181932ed.js]
[cdn.overleaf.com/js/7958-6dee6439f476be110b3e.js]
[cdn.overleaf.com/js/2456-e8a135acd34ece76b735.js]
[cdn.overleaf.com/js/9484-53dbcb6a83726e8175ee.js]
[cdn.overleaf.com/js/8234-ab2cbc754c35edf623d7.js]
[cdn.overleaf.com/js/5442-81e5ef7105f5588be644.js]
[cdn.overleaf.com/js/8489-58002e7913f5e7202666.js]
[cdn.overleaf.com/js/modules/learn/pages/learn-3368073b3c035b5683a3.js]
[www.overleaf.com/learn.html]
[cdn.overleaf.com/images/ol_plus_sl-4c97f4f803036a718e88.png]
[cdn.overleaf.com/images/homepage-e13236d49dac8e31c070.png]
[cdn.overleaf.com/images/homepage@2x-78c8845ff91d329f141f.png]
[cdn.overleaf.com/images/pattern-home-c8914738991ca49e1c18.png]
[cdn.overleaf.com/images/grid-6fa75ad85e08add949d9.png]
[cdn.overleaf.com/stylesheets/main-style-82a67b507675f5a9518e.css]
[sharelatex-wiki-cdn-671420.c.cdn77.org/learn-scripts/images/7/77/LL30autocompile.png]
[sharelatex-wiki-cdn-671420.c.cdn77.org/learn-scripts/images/a/a8/InsertFigureButton.png]
[sharelatex-wiki-cdn-671420.c.cdn77.org/learn-scripts/images/1/17/ImagesInAFolder.png]
[www.overleaf.com/learn/latex/Articles/How_to_change_paragraph_spacing_in_LaTeX.html]
[www.overleaf.com/learn/latex/Errors/LaTeX_Error__There's_no_line_here_to_end.html]
[sharelatex-wiki-cdn-671420.c.cdn77.org/learn-scripts/images/6/60/LL30packagefail.png]
[www.overleaf.com/learn/latex/Learn_LaTeX_in_30_minutes.html]
[www.overleaf.com/learn/latex/Overleaf_and_TeX_Live.html]
[sharelatex-wiki-cdn-671420.c.cdn77.org/learn-scripts/images/1/19/OLV2newparaex1b.png]
[sharelatex-wiki-cdn-671420.c.cdn77.org/learn-scripts/images/1/17/OLV2paraex3.png]
[sharelatex-wiki-cdn-671420.c.cdn77.org/learn-scripts/images/6/67/OLV2paraex4.png]
[sharelatex-wiki-cdn-671420.c.cdn77.org/learn-scripts/images/0/09/OLV2paraex6.png]
[sharelatex-wiki-cdn-671420.c.cdn77.org/learn-scripts/images/d/d2/OLV2paraex7.png]
[sharelatex-wiki-cdn-671420.c.cdn77.org/learn-scripts/images/d/d9/OLV2paraex8.png]
[www.overleaf.com/learn/latex/Paragraphs_and_new_lines.html]
[sharelatex-wiki-cdn-671420.c.cdn77.org/learn-scripts/images/4/4e/Textformattingex1.png]
[sharelatex-wiki-cdn-671420.c.cdn77.org/learn-scripts/images/a/a4/Textformattingex2.png]
[sharelatex-wiki-cdn-671420.c.cdn77.org/learn-scripts/images/a/a1/Textformattingex3.png]
[sharelatex-wiki-cdn-671420.c.cdn77.org/learn-scripts/images/6/66/Textformattingex4.png]
[sharelatex-wiki-cdn-671420.c.cdn77.org/learn-scripts/images/3/3d/Textformattingex5.png]
[www.overleaf.com/learn/latex/Bold,_italics_and_underlining.html]
[sharelatex-wiki-cdn-671420.c.cdn77.org/learn-scripts/images/c/c0/BulListIcon.png]
[sharelatex-wiki-cdn-671420.c.cdn77.org/learn-scripts/images/1/12/NumListIcon.png]
[sharelatex-wiki-cdn-671420.c.cdn77.org/learn-scripts/images/5/57/List1bOLV2.png]
[sharelatex-wiki-cdn-671420.c.cdn77.org/learn-scripts/images/0/07/List2OLV2.png]
[sharelatex-wiki-cdn-671420.c.cdn77.org/learn-scripts/images/e/e3/Descriptionlist2.png]
[sharelatex-wiki-cdn-671420.c.cdn77.org/learn-scripts/images/b/b7/ChangeBullets.png]
[sharelatex-wiki-cdn-671420.c.cdn77.org/learn-scripts/images/2/22/List3bOLV2.png]
[sharelatex-wiki-cdn-671420.c.cdn77.org/learn-scripts/images/7/73/List4OLV2.png]
[sharelatex-wiki-cdn-671420.c.cdn77.org/learn-scripts/images/4/48/List5OLV2.png]
[sharelatex-wiki-cdn-671420.c.cdn77.org/learn-scripts/images/c/c9/List9OLV2.png]
[sharelatex-wiki-cdn-671420.c.cdn77.org/learn-scripts/images/0/0a/List8OLV2.png]
[sharelatex-wiki-cdn-671420.c.cdn77.org/learn-scripts/images/2/27/Ducklist.png]
[sharelatex-wiki-cdn-671420.c.cdn77.org/learn-scripts/images/5/5f/Listenvironmemt2.png]
[www.overleaf.com/learn/latex/Articles/An_overview_of_technologies_supporting_the_use_of_colour_emoji_fonts_in_LaTeX.html]
[sharelatex-wiki-cdn-671420.c.cdn77.org/learn-scripts/images/5/5f/Tweakitemize2.png]
[sharelatex-wiki-cdn-671420.c.cdn77.org/learn-scripts/images/f/f3/CustomItemizeList.png]
[sharelatex-wiki-cdn-671420.c.cdn77.org/learn-scripts/images/c/c0/10levels.png]
[sharelatex-wiki-cdn-671420.c.cdn77.org/learn-scripts/images/1/11/Autosize.png]
[sharelatex-wiki-cdn-671420.c.cdn77.org/learn-scripts/images/f/fa/CustomBullets2.png]
[www.overleaf.com/learn/latex/Lists.html]
[sharelatex-wiki-cdn-671420.c.cdn77.org/learn-scripts/images/f/fc/MathExpressions.png]
[sharelatex-wiki-cdn-671420.c.cdn77.org/learn-scripts/images/6/6b/Inlinemathmarkup.png]
[sharelatex-wiki-cdn-671420.c.cdn77.org/learn-scripts/images/0/06/Displayex.png]
[sharelatex-wiki-cdn-671420.c.cdn77.org/learn-scripts/images/f/fe/Amsexample.png]
[www.overleaf.com/learn/latex/Mathematical_expressions.html]
[sharelatex-wiki-cdn-671420.c.cdn77.org/learn-scripts/images/a/a3/BiblatexEx1OLV2.png]
[sharelatex-wiki-cdn-671420.c.cdn77.org/learn-scripts/images/9/9e/BiblatexExample2OLV2.png]
[sharelatex-wiki-cdn-671420.c.cdn77.org/learn-scripts/images/b/b1/BiblatexEx3OLV2.png]
[sharelatex-wiki-cdn-671420.c.cdn77.org/learn-scripts/images/4/46/BiblatexEx4OLV2.png]
[sharelatex-wiki-cdn-671420.c.cdn77.org/learn-scripts/images/e/e9/BiblatexEx5OLV2.png]
[www.overleaf.com/learn/latex/Bibliography_management_in_LaTeX.html]
[sharelatex-wiki-cdn-671420.c.cdn77.org/learn-scripts/images/9/9d/InsertingImagesEx1.png]
[sharelatex-wiki-cdn-671420.c.cdn77.org/learn-scripts/images/b/b0/InsertingImagesEx2Overleaf.png]
[sharelatex-wiki-cdn-671420.c.cdn77.org/learn-scripts/images/4/49/InsertingImagesEx3Overleaf.png]
[sharelatex-wiki-cdn-671420.c.cdn77.org/learn-scripts/images/3/3b/InsertingImagesEx5.png]
[sharelatex-wiki-cdn-671420.c.cdn77.org/learn-scripts/images/5/5d/InsertingImagesEx4Overleaf.png]
[sharelatex-wiki-cdn-671420.c.cdn77.org/learn-scripts/images/c/c1/InsertingImagesEx6Overleaf.png]
[sharelatex-wiki-cdn-671420.c.cdn77.org/learn-scripts/images/3/39/InsertingImagesEx7Overleaf.png]
[sharelatex-wiki-cdn-671420.c.cdn77.org/learn-scripts/images/a/ac/InsertingImagesEx8Overleaf.png]
[sharelatex-wiki-cdn-671420.c.cdn77.org/learn-scripts/images/0/0f/InsertingImagesEx9Overleaf.png]
[sharelatex-wiki-cdn-671420.c.cdn77.org/learn-scripts/images/2/24/InsertingImagesEx10Overleaf.png]
[sharelatex-wiki-cdn-671420.c.cdn77.org/learn-scripts/images/d/de/InsertingImagesEx11Overleaf.png]
[sharelatex-wiki-cdn-671420.c.cdn77.org/learn-scripts/images/4/4b/InsertingImagesEx12Overleaf.png]
[www.overleaf.com/learn/latex/Inserting_Images.html]
[sharelatex-wiki-cdn-671420.c.cdn77.org/learn-scripts/images/f/fa/TablesOLV2-1.png]
[sharelatex-wiki-cdn-671420.c.cdn77.org/learn-scripts/images/d/d1/TablesOLV2-2.png]
[sharelatex-wiki-cdn-671420.c.cdn77.org/learn-scripts/images/b/bb/TablesOLV2-3.png]
[sharelatex-wiki-cdn-671420.c.cdn77.org/learn-scripts/images/f/f8/TablesOLV2-4.png]
[sharelatex-wiki-cdn-671420.c.cdn77.org/learn-scripts/images/5/56/TablesOLV2-5.png]
[sharelatex-wiki-cdn-671420.c.cdn77.org/learn-scripts/images/4/4d/TablesOLV2-6.png]
[sharelatex-wiki-cdn-671420.c.cdn77.org/learn-scripts/images/3/3f/TablesOLV2-7.png]
[sharelatex-wiki-cdn-671420.c.cdn77.org/learn-scripts/images/3/34/TablesEx12.png]
[sharelatex-wiki-cdn-671420.c.cdn77.org/learn-scripts/images/0/05/TablesOLV2-8.png]
[sharelatex-wiki-cdn-671420.c.cdn77.org/learn-scripts/images/e/e9/TablesOLV2-9.png]
[sharelatex-wiki-cdn-671420.c.cdn77.org/learn-scripts/images/0/05/TablesOLV2-10.png]
[sharelatex-wiki-cdn-671420.c.cdn77.org/learn-scripts/images/a/ac/TablesOLV2-11.png]
[sharelatex-wiki-cdn-671420.c.cdn77.org/learn-scripts/images/2/25/TablesOLV2-12.png]
[sharelatex-wiki-cdn-671420.c.cdn77.org/learn-scripts/images/7/7c/TablesOLV2-13.png]
[www.overleaf.com/learn/latex/Tables.html]
[sharelatex-wiki-cdn-671420.c.cdn77.org/learn-scripts/images/5/57/SpanishBabel.png]
[www.overleaf.com/learn/latex/Articles/Unicode,_UTF-8_and_multilingual_text__An_introduction.html]
[sharelatex-wiki-cdn-671420.c.cdn77.org/learn-scripts/images/2/20/RussEngBabel.png]
[sharelatex-wiki-cdn-671420.c.cdn77.org/learn-scripts/images/c/c9/ArabicArabtex.png]
[www.overleaf.com/learn/latex/International_language_support.html]
[sharelatex-wiki-cdn-671420.c.cdn77.org/learn-scripts/images/d/de/OLV2arabtex2.png]
[sharelatex-wiki-cdn-671420.c.cdn77.org/learn-scripts/images/8/83/ArabTeXNewFixed.png]
[sharelatex-wiki-cdn-671420.c.cdn77.org/learn-scripts/images/5/58/LanguageEx2.png]
[www.overleaf.com/learn/latex/Arabic.html]
[sharelatex-wiki-cdn-671420.c.cdn77.org/learn-scripts/images/5/5f/OL2Chinese1.png]
[www.overleaf.com/learn/latex/Questions/Which_OTF_or_TTF_fonts_are_supported_via_fontspec_.html]
[sharelatex-wiki-cdn-671420.c.cdn77.org/learn-scripts/images/0/00/OL2Chinese2.png]
[sharelatex-wiki-cdn-671420.c.cdn77.org/learn-scripts/images/4/45/OL2Chinese3.png]
[www.overleaf.com/learn/latex/Chinese.html]
[sharelatex-wiki-cdn-671420.c.cdn77.org/learn-scripts/images/3/3e/OL2french1.png]
[www.overleaf.com/learn/latex/French.html]
[sharelatex-wiki-cdn-671420.c.cdn77.org/learn-scripts/images/e/ea/OL2German1b.png]
[www.overleaf.com/learn/latex/German.html]
[sharelatex-wiki-cdn-671420.c.cdn77.org/learn-scripts/images/d/de/OL2greekV2.png]
[sharelatex-wiki-cdn-671420.c.cdn77.org/learn-scripts/images/0/05/OL2greek2.png]
[www.overleaf.com/learn/latex/Greek.html]
[sharelatex-wiki-cdn-671420.c.cdn77.org/learn-scripts/images/5/56/OL2italian1.png]
[www.overleaf.com/learn/latex/Italian.html]
[sharelatex-wiki-cdn-671420.c.cdn77.org/learn-scripts/images/a/a0/JapaneseImage1b.png]
[sharelatex-wiki-cdn-671420.c.cdn77.org/learn-scripts/images/0/0f/JapaneseImage2.png]
[www.overleaf.com/learn/latex/File_JapaneseImage5-1.html]
[sharelatex-wiki-cdn-671420.c.cdn77.org/learn-scripts/images/a/a6/JapaneseImage5-1.png]
[sharelatex-wiki-cdn-671420.c.cdn77.org/learn-scripts/images/c/c1/UserSelectableCompilers.png]
[www.overleaf.com/learn/latex/Articles/How_to_use_latexmkrc_with_Overleaf.html]
[sharelatex-wiki-cdn-671420.c.cdn77.org/learn-scripts/images/d/dd/PLaTeXexample.png]
[sharelatex-wiki-cdn-671420.c.cdn77.org/learn-scripts/images/9/9c/JapaneseImage3.png]
[sharelatex-wiki-cdn-671420.c.cdn77.org/learn-scripts/images/e/ea/JapaneseImage4.png]
[sharelatex-wiki-cdn-671420.c.cdn77.org/learn-scripts/images/c/c4/JapaneseImage6.png]
[www.overleaf.com/learn/latex/Japanese.html]
[www.overleaf.com/learn/latex/Questions/Does_Overleaf_support_pTeX_.html]
[sharelatex-wiki-cdn-671420.c.cdn77.org/learn-scripts/images/b/b8/KoreanNotoBasic.png]
[sharelatex-wiki-cdn-671420.c.cdn77.org/learn-scripts/images/f/fa/KoreanNotoStyling.jpg]
[sharelatex-wiki-cdn-671420.c.cdn77.org/learn-scripts/images/b/b4/KoreanPdfTeX.jpg]
[sharelatex-wiki-cdn-671420.c.cdn77.org/learn-scripts/images/6/6c/KoreanNotoBasicPdfTeX.png]
[www.overleaf.com/learn/latex/Korean.html]
[sharelatex-wiki-cdn-671420.c.cdn77.org/learn-scripts/images/d/d1/OL2port1.png]
[www.overleaf.com/learn/latex/Portuguese.html]
[sharelatex-wiki-cdn-671420.c.cdn77.org/learn-scripts/images/f/f4/PdfTeXRussian.png]
[sharelatex-wiki-cdn-671420.c.cdn77.org/learn-scripts/images/0/0c/XeTeXRussianB.png]
[www.overleaf.com/learn/latex/Russian.html]
[sharelatex-wiki-cdn-671420.c.cdn77.org/learn-scripts/images/b/b0/OL2spanish1.png]
[sharelatex-wiki-cdn-671420.c.cdn77.org/learn-scripts/images/e/e8/OL2spanish2.png]
[www.overleaf.com/learn/latex/Spanish.html]
[images.ctfassets.net/nrgyaltdicpt/YwYexcfSPD10jYga8XcWM/ef6136c620e032179e9d731e19bd724a/sample1.png]
[images.ctfassets.net/nrgyaltdicpt/3O5A7RzoRXAKKkSaB1auhN/01b7d6d89bad727e04376eb90fa80cd8/sample2.png]
[images.ctfassets.net/nrgyaltdicpt/Tid4hqLr2ATsHbKf0RJYt/dacab1eb815d4bfa071de140d90547a5/multilingual-tq.png]
[images.ctfassets.net/nrgyaltdicpt/24x1U8prR9yjoiV5KS4Dpz/dc7bb432f9c0b2944b0617a2fad2a359/only-greek.png]
[www.overleaf.com/learn/latex/TeX_primitives_listed_by_CJK_TeX_engine.html]
[images.ctfassets.net/nrgyaltdicpt/6oVjVQKiJydw1DlB5et3qx/00f619df64fa29b461aed656dc160fe8/latin-cyrillic-thai.png]
[images.ctfassets.net/nrgyaltdicpt/5uJEFZAyuLXhRzKZOE9CWG/dd7bce15cacd3a4b99bf81e388e6b7cc/wrong-hyphenation.png]
[images.ctfassets.net/nrgyaltdicpt/1K1IXyuUfyWFUCQC5ftZNm/1b32c9608991a1ddee0469a6ad1bc990/bidi-english-wrong.png]
[images.ctfassets.net/nrgyaltdicpt/3AWTmrC2PHN0tu69oGeOvs/dae187b766f8edd1357025e375268b08/bidi-english-right.png]
[images.ctfassets.net/nrgyaltdicpt/54QZQqGii5yNM7FO2uGZCb/614f8d89f552fd76ca0ad0cbc9d2059a/english-italic.png]
[images.ctfassets.net/nrgyaltdicpt/6YGQDB7ZwsuyAhkSZfQra7/582ca6cc533b85c4bbce96bfbe0c58e3/english-cursive.png]
[images.ctfassets.net/nrgyaltdicpt/39w9oCI6nN24PAzzH4Txba/a3d9242ff432eacf31c6c94e63812698/custom-fonts.png]
[images.ctfassets.net/nrgyaltdicpt/4YZJY37I3i6BFkAmEHva0N/906849dc4425b31ada4cb2e7ca0278a3/devanagari.png]
[images.ctfassets.net/nrgyaltdicpt/7miVUbpxQ3aLSj8hUNLRgU/e713e9f3b989ef470a360a48bb4398f0/thai-wrong.png]
[images.ctfassets.net/nrgyaltdicpt/431aJiGZAaZfI55X4qWyqd/af524f5cb31250f9f3fb3f4870f67842/thai-right.png]
[images.ctfassets.net/nrgyaltdicpt/7at7BZR3TDAjtoWj87YPXf/c33b7495ec4d9e44a0b121997a21aa86/hebrew-allserif.png]
[images.ctfassets.net/nrgyaltdicpt/5yR4NIS54LgeYHm0tc89PU/590ddc3bf34b74534ad54f35dc43e2e1/hebrew-serif-sans.png]
[www.overleaf.com/learn/latex/Multilingual_typesetting_on_Overleaf_using_polyglossia_and_fontspec.html]
[www.overleaf.com/learn/latex/A_six-part_series__How_do_TeX_macros_actually_work_.html]
[www.overleaf.com/learn/latex/Articles/A_six-part_article_series_on_/expandafter,_TeX_tokens_and_expansion.html]
[www.overleaf.com/learn/latex/Articles/What's_in_a_Name__A_Guide_to_the_Many_Flavours_of_TeX.html]
[www.overleaf.com/learn/latex/Articles/The_two_modes_of_TeX_engines__INI_mode_and_production_mode.html]
[www.overleaf.com/learn/latex/Articles/An_introduction_to_/endlinechar__How_TeX_reads_lines_from_text_files.html]
[www.overleaf.com/learn/latex/Articles/A_New_Series_of_Articles__TeX_Tokens_and_Related_Concepts—But_Why_(and_How)_.html]
[www.overleaf.com/learn/latex/Articles/What_is_a__TeX_token__.html]
[www.overleaf.com/learn/latex/Articles/What_is_a_TeX_token_list.html]
[www.overleaf.com/learn/latex/Articles/An_introduction_to_Kpathsea_and_how_TeX_engines_search_for_files.html]
[www.overleaf.com/learn/latex/Articles/A_visual_guide_to_LaTeX’s_page_layout_parameters.html]
[www.overleaf.com/learn/latex/Articles/An_Introduction_to_LuaTeX_(Part_1)__What_is_it—and_what_makes_it_so_different_.html]
[www.overleaf.com/learn/latex/Articles/An_Introduction_to_LuaTeX_(Part_2)__Understanding_/directlua.html]
[www.overleaf.com/learn/latex/Articles/Using_LuaTeX_to_run_tools_and_utilities_installed_on_Overleaf’s_servers.html]
[www.overleaf.com/learn/latex/Articles/Pandora’s_/hbox__Using_LuaTeX_to_Lift_the_Lid_of_TeX_Boxes.html]
[www.overleaf.com/learn/latex/Articles/How_TeX_Calculates_Glue_Settings_in_an_/hbox.html]
[www.overleaf.com/learn/latex/Articles/Boxes_and_Glue__A_Brief,_but_Visual,_Introduction_Using_LuaTeX.html]
[www.overleaf.com/learn/latex/Articles/TeX_Tables__How_TeX_Calculates_Spanned_Column_Widths.html]
[www.overleaf.com/learn/latex/Articles/OpenType-based_math_typesetting__An_introduction_to_the_STIX2_OpenType_fonts.html]
[www.overleaf.com/learn/latex/Articles/The_Stoic_Resilience_of_PDF_Within_a_Digital_Ecosystem.html]
[www.overleaf.com/learn/latex/Articles/How_to_create_a_multilingual,_customisable_CD_disk_jewel_case_calendar_using_LaTeX.html]
[www.overleaf.com/learn/latex/Articles/A_quick_visual_guide_to_creating_table_cells_with_diagonal_lines_in_LaTeX.html]
[www.overleaf.com/learn/latex/Articles/How_to_write_in_Markdown_on_Overleaf.html]
[www.overleaf.com/learn/latex/Articles/Markdown_into_LaTeX_with_Style.html]
[www.overleaf.com/learn/latex/Articles/LaTeX_is_More_Powerful_than_you_Think_-_Computing_the_Fibonacci_Numbers_and_Turing_Completeness.html]
[www.overleaf.com/learn/latex/Articles/The_TeX_family_tree__LaTeX,_pdfTeX,_XeTeX,_LuaTeX_and_ConTeXt.html]
[www.overleaf.com/learn/latex/Articles/Mathtools_-_for_beautiful_math.html]
[www.overleaf.com/learn/latex/Articles/Using_Latexdiff_For_Marking_Changes_To_Tex_Documents.html]
[www.overleaf.com/learn/latex/Articles/How_to_draw_Vector_Graphics_using_TikZ_in_LaTeX.html]
[www.overleaf.com/learn/latex/Articles.html]
[www.overleaf.com/learn/latex/Articles/Getting_started_with_BibLaTeX.html]
[sharelatex-wiki-cdn-671420.c.cdn77.org/learn-scripts/images/7/7f/3dotmenu2.png]
[sharelatex-wiki-cdn-671420.c.cdn77.org/learn-scripts/images/b/b0/LabelAVersion.png]
[sharelatex-wiki-cdn-671420.c.cdn77.org/learn-scripts/images/f/ff/Addlabel.png]
[sharelatex-wiki-cdn-671420.c.cdn77.org/learn-scripts/images/4/4e/H1.png]
[sharelatex-wiki-cdn-671420.c.cdn77.org/learn-scripts/images/2/26/H3.png]
[sharelatex-wiki-cdn-671420.c.cdn77.org/learn-scripts/images/7/78/H2.png]
[sharelatex-wiki-cdn-671420.c.cdn77.org/learn-scripts/images/3/31/Restore_deleted_file.png]
[sharelatex-wiki-cdn-671420.c.cdn77.org/learn-scripts/images/f/f4/NewUIRestoreProject.png.png]
[www.overleaf.com/learn/latex/Using_the_History_feature.html]
[sharelatex-wiki-cdn-671420.c.cdn77.org/learn-scripts/images/3/33/V2-otheroutputs.png]
[sharelatex-wiki-cdn-671420.c.cdn77.org/learn-scripts/images/e/ea/Latex-file-flow.png]
[www.overleaf.com/learn/latex/Choosing_a_LaTeX_Compiler.html]
[www.overleaf.com/learn/latex/Errors/Misplaced_alignment_tab_character_&.html]
[www.overleaf.com/learn/latex/Errors/Extra_alignment_tab_has_been_changed_to_/cr.html]
[www.overleaf.com/learn/latex/Errors/Double_subscript.html]
[www.overleaf.com/learn/latex/Errors/Display_math_should_end_with_$$.html]
[www.overleaf.com/learn/latex/Errors/Missing_$_inserted.html]
[www.overleaf.com/learn/latex/Errors/There_were_undefined_references.html]
[www.overleaf.com/learn/latex/Errors/There_were_multiply-defined_labels.html]
[www.overleaf.com/learn/latex/Errors/`!h'_float_specifier_changed_to_`!ht'.html]
[www.overleaf.com/learn/latex/Errors/No_positions_in_optional_float_specifier.html]
[www.overleaf.com/learn/latex/Errors/Undefined_control_sequence.html]
[www.overleaf.com/learn/latex/Errors/File_XXX_not_found_on_input_line_XXX.html]
[www.overleaf.com/learn/latex/Errors/Missing_number,_treated_as_zero.html]
[www.overleaf.com/learn/latex/Errors/Illegal_unit_of_measure_(pt_inserted).html]
[www.overleaf.com/learn/latex/Errors/LaTeX_Error__Environment_XXX_undefined.html]
[www.overleaf.com/learn/latex/Errors/LaTeX_Error__Can_be_used_only_in_preamble.html]
[www.overleaf.com/learn/latex/Errors/LaTeX_Error__Missing_/begin_document.html]
[www.overleaf.com/learn/latex/Errors/LaTeX_Error__/verb_ended_by_end_of_line.html]
[www.overleaf.com/learn/latex/Errors/No_/author_given.html]
[www.overleaf.com/learn/latex/Errors/Misplaced_/noalign.html]
[www.overleaf.com/learn/latex/Errors/LaTeX_Error__Something's_wrong--perhaps_a_missing_/item.html]
[www.overleaf.com/learn/latex/Errors.html]
[www.overleaf.com/learn/latex/Subscripts_and_superscripts.html]
[www.overleaf.com/learn/latex/Errors/LaTeX_Error__Unknown_graphics_extension__.html]
[sharelatex-wiki-cdn-671420.c.cdn77.org/learn-scripts/images/1/14/Paren-ex03.png]
[www.overleaf.com/learn/latex/Brackets_and_Parentheses.html]
[sharelatex-wiki-cdn-671420.c.cdn77.org/learn-scripts/images/5/5b/Amsmatrix.png]
[www.overleaf.com/learn/latex/Matrices.html]
[www.overleaf.com/learn/latex/Fractions_and_Binomials.html]
[sharelatex-wiki-cdn-671420.c.cdn77.org/learn-scripts/images/d/df/Amsmath-eqn1.png]
[sharelatex-wiki-cdn-671420.c.cdn77.org/learn-scripts/images/a/ac/Neweuler1.png]
[sharelatex-wiki-cdn-671420.c.cdn77.org/learn-scripts/images/6/60/Amsmath-eqn3.png]
[sharelatex-wiki-cdn-671420.c.cdn77.org/learn-scripts/images/5/52/Amsmatheqn4OLV2.png]
[sharelatex-wiki-cdn-671420.c.cdn77.org/learn-scripts/images/d/d9/Amsmath-eqn6OLV2.png]
[sharelatex-wiki-cdn-671420.c.cdn77.org/learn-scripts/images/4/42/Amsmath-eqn5.png]
[www.overleaf.com/learn/latex/Aligning_equations_with_amsmath.html]
[sharelatex-wiki-cdn-671420.c.cdn77.org/learn-scripts/images/8/82/Sincos.png]
[sharelatex-wiki-cdn-671420.c.cdn77.org/learn-scripts/images/d/dc/OperatorsEx2.png]
[sharelatex-wiki-cdn-671420.c.cdn77.org/learn-scripts/images/e/eb/OperatorsEx3.png]
[www.overleaf.com/learn/latex/Operators.html]
[sharelatex-wiki-cdn-671420.c.cdn77.org/learn-scripts/images/3/30/OLV2mathspacing.png]
[sharelatex-wiki-cdn-671420.c.cdn77.org/learn-scripts/images/0/05/OLV2mathspacingmore.png]
[sharelatex-wiki-cdn-671420.c.cdn77.org/learn-scripts/images/0/00/Opspacing2.png]
[sharelatex-wiki-cdn-671420.c.cdn77.org/learn-scripts/images/4/4d/OLV2customops.png]
[www.overleaf.com/learn/latex/Spacing_in_math_mode.html]
[sharelatex-wiki-cdn-671420.c.cdn77.org/learn-scripts/images/b/b1/Integral1.png]
[sharelatex-wiki-cdn-671420.c.cdn77.org/learn-scripts/images/a/a5/Integral2.png]
[sharelatex-wiki-cdn-671420.c.cdn77.org/learn-scripts/images/2/2b/Integral3.png]
[sharelatex-wiki-cdn-671420.c.cdn77.org/learn-scripts/images/9/9a/Integral4.png]
[sharelatex-wiki-cdn-671420.c.cdn77.org/learn-scripts/images/e/e3/Sum1.png]
[sharelatex-wiki-cdn-671420.c.cdn77.org/learn-scripts/images/a/ac/Sum2.png]
[sharelatex-wiki-cdn-671420.c.cdn77.org/learn-scripts/images/6/6b/Prod1.png]
[sharelatex-wiki-cdn-671420.c.cdn77.org/learn-scripts/images/6/64/Prod2.png]
[sharelatex-wiki-cdn-671420.c.cdn77.org/learn-scripts/images/5/59/Lim1.png]
[sharelatex-wiki-cdn-671420.c.cdn77.org/learn-scripts/images/d/d9/Lim2.png]
[www.overleaf.com/learn/latex/Integrals,_sums_and_limits.html]
[www.overleaf.com/learn/latex/Display_style_in_math_mode.html]
[sharelatex-wiki-cdn-671420.c.cdn77.org/learn-scripts/images/a/a7/Symbol_palette_no_beta_small.png]
[www.overleaf.com/learn/latex/List_of_Greek_letters_and_math_symbols.html]
[sharelatex-wiki-cdn-671420.c.cdn77.org/learn-scripts/images/9/9b/OLMathFonts1.png]
[sharelatex-wiki-cdn-671420.c.cdn77.org/learn-scripts/images/3/32/OLMathFonts2.png]
[sharelatex-wiki-cdn-671420.c.cdn77.org/learn-scripts/images/2/28/OLMathFonts3.png]
[www.overleaf.com/learn/latex/Mathematical_fonts.html]
[sharelatex-wiki-cdn-671420.c.cdn77.org/learn-scripts/images/8/82/PositioningTnIEX1OverleafV2.png]
[sharelatex-wiki-cdn-671420.c.cdn77.org/learn-scripts/images/8/8c/PositioningTnIEx2OLV2.png]
[sharelatex-wiki-cdn-671420.c.cdn77.org/learn-scripts/images/c/c7/PositioningTnIEx3OLV2.png]
[sharelatex-wiki-cdn-671420.c.cdn77.org/learn-scripts/images/0/0a/PositioningTnIEx4OLV2.png]
[sharelatex-wiki-cdn-671420.c.cdn77.org/learn-scripts/images/d/d2/PositioningTnIEx5OLV2.png]
[sharelatex-wiki-cdn-671420.c.cdn77.org/learn-scripts/images/7/74/PositioningTnIEx6.png]
[sharelatex-wiki-cdn-671420.c.cdn77.org/learn-scripts/images/2/2c/PositioningTnIEx7.png]
[sharelatex-wiki-cdn-671420.c.cdn77.org/learn-scripts/images/1/18/PositioningTnIEx8OLV2.png]
[www.overleaf.com/learn/latex/Positioning_images_and_tables.html]
[sharelatex-wiki-cdn-671420.c.cdn77.org/learn-scripts/images/6/68/ListOfTablesAndFiguresEx1OLV2.png]
[sharelatex-wiki-cdn-671420.c.cdn77.org/learn-scripts/images/0/01/Listoffiguresandtables.png]
[www.overleaf.com/learn/latex/Lists_of_tables_and_figures.html]
[sharelatex-wiki-cdn-671420.c.cdn77.org/learn-scripts/images/5/51/OVV2pic1.png]
[sharelatex-wiki-cdn-671420.c.cdn77.org/learn-scripts/images/1/10/OVV2pic2.png]
[sharelatex-wiki-cdn-671420.c.cdn77.org/learn-scripts/images/3/32/OLV2picfromref.png]
[sharelatex-wiki-cdn-671420.c.cdn77.org/learn-scripts/images/1/15/OLV2picfromguide3.png]
[sharelatex-wiki-cdn-671420.c.cdn77.org/learn-scripts/images/b/b3/OLV2picfromguide2.png]
[sharelatex-wiki-cdn-671420.c.cdn77.org/learn-scripts/images/e/eb/OLV2picfromguide4.png]
[sharelatex-wiki-cdn-671420.c.cdn77.org/learn-scripts/images/e/e5/OLV2picfromguide5.png]
[sharelatex-wiki-cdn-671420.c.cdn77.org/learn-scripts/images/e/ee/OLV2Simplex.png]
[sharelatex-wiki-cdn-671420.c.cdn77.org/learn-scripts/images/a/a7/OLV2picfromwiki.png]
[www.overleaf.com/learn/latex/Picture_environment.html]
[sharelatex-wiki-cdn-671420.c.cdn77.org/learn-scripts/images/1/1f/OLV2tikz1.png]
[sharelatex-wiki-cdn-671420.c.cdn77.org/learn-scripts/images/7/7e/OLV2tikz2.png]
[sharelatex-wiki-cdn-671420.c.cdn77.org/learn-scripts/images/0/03/TikzEx3.png]
[sharelatex-wiki-cdn-671420.c.cdn77.org/learn-scripts/images/0/0e/OLV2tikz4.png]
[sharelatex-wiki-cdn-671420.c.cdn77.org/learn-scripts/images/e/e3/OLV2tikz5.png]
[sharelatex-wiki-cdn-671420.c.cdn77.org/learn-scripts/images/a/af/BasicColours.png]
[sharelatex-wiki-cdn-671420.c.cdn77.org/learn-scripts/images/3/3a/Thickness.png]
[www.overleaf.com/learn/latex/TikZ_package.html]
[sharelatex-wiki-cdn-671420.c.cdn77.org/learn-scripts/images/3/3a/Bibitem-short.png]
[sharelatex-wiki-cdn-671420.c.cdn77.org/learn-scripts/images/8/88/Bibitem-cramped.png]
[sharelatex-wiki-cdn-671420.c.cdn77.org/learn-scripts/images/5/54/Bibitem-longerlabel.png]
[sharelatex-wiki-cdn-671420.c.cdn77.org/learn-scripts/images/3/3c/Bibtex-plain.png]
[sharelatex-wiki-cdn-671420.c.cdn77.org/learn-scripts/images/c/c5/Bibtex-IEEEtran.png]
[www.overleaf.com/learn/latex/Questions/How_to_include_a_bibliography_using_bibtex.html]
[www.overleaf.com/learn/latex/Bibliography_management_with_bibtex.html]
[sharelatex-wiki-cdn-671420.c.cdn77.org/learn-scripts/images/a/a2/NatbibEx1Overleaf.png]
[sharelatex-wiki-cdn-671420.c.cdn77.org/learn-scripts/images/1/1b/NatbibEx2Overleaf.png]
[sharelatex-wiki-cdn-671420.c.cdn77.org/learn-scripts/images/e/e1/BibliographyEx4Overleaf.png]
[www.overleaf.com/learn/latex/Bibliography_management_with_natbib.html]
[sharelatex-wiki-cdn-671420.c.cdn77.org/learn-scripts/images/b/b4/BiblatexEx1.png]
[sharelatex-wiki-cdn-671420.c.cdn77.org/learn-scripts/images/a/ad/BiblatexEx2.png]
[sharelatex-wiki-cdn-671420.c.cdn77.org/learn-scripts/images/e/e2/BiblatexEx3.png]
[sharelatex-wiki-cdn-671420.c.cdn77.org/learn-scripts/images/4/44/BiblatexEx4.png]
[sharelatex-wiki-cdn-671420.c.cdn77.org/learn-scripts/images/7/7d/BiblatexEx5.png]
[www.overleaf.com/learn/latex/Bibliography_management_with_biblatex.html]
[sharelatex-wiki-cdn-671420.c.cdn77.org/learn-scripts/images/0/0c/BibtexStylesEx1.png]
[sharelatex-wiki-cdn-671420.c.cdn77.org/learn-scripts/images/9/97/BibtexStylesEx2.png]
[sharelatex-wiki-cdn-671420.c.cdn77.org/learn-scripts/images/2/20/BibtexStylesEx3.png]
[sharelatex-wiki-cdn-671420.c.cdn77.org/learn-scripts/images/6/62/BibtexStylesEx4.png]
[sharelatex-wiki-cdn-671420.c.cdn77.org/learn-scripts/images/2/2c/BibtexStylesEx5.png]
[sharelatex-wiki-cdn-671420.c.cdn77.org/learn-scripts/images/7/79/BibtexStylesEx6new.png]
[sharelatex-wiki-cdn-671420.c.cdn77.org/learn-scripts/images/4/4d/BibtexStylesEx7.png]
[sharelatex-wiki-cdn-671420.c.cdn77.org/learn-scripts/images/f/f6/BibtexStylesEx8.png]
[www.overleaf.com/learn/latex/Bibtex_bibliography_styles.html]
[sharelatex-wiki-cdn-671420.c.cdn77.org/learn-scripts/images/e/e1/NatbibStylesEx1.png]
[sharelatex-wiki-cdn-671420.c.cdn77.org/learn-scripts/images/d/d0/NatbibStylesEx3.png]
[sharelatex-wiki-cdn-671420.c.cdn77.org/learn-scripts/images/2/2d/NatbibStylesEx4.png]
[sharelatex-wiki-cdn-671420.c.cdn77.org/learn-scripts/images/1/10/NatbibStylesEx5.png]
[sharelatex-wiki-cdn-671420.c.cdn77.org/learn-scripts/images/9/94/NatbibStylesEx6.png]
[sharelatex-wiki-cdn-671420.c.cdn77.org/learn-scripts/images/8/8e/NatbibStylesEx7.png]
[www.overleaf.com/learn/latex/Natbib_bibliography_styles.html]
[sharelatex-wiki-cdn-671420.c.cdn77.org/learn-scripts/images/7/7a/CitationStylesEx1Overleaf.png]
[www.overleaf.com/learn/latex/Natbib_citation_styles.html]
[sharelatex-wiki-cdn-671420.c.cdn77.org/learn-scripts/images/9/9e/BiblatexStylesEx1.png]
[sharelatex-wiki-cdn-671420.c.cdn77.org/learn-scripts/images/8/8c/BiblatexStylesEx2.png]
[sharelatex-wiki-cdn-671420.c.cdn77.org/learn-scripts/images/0/0c/BiblatexStylesEx3.png]
[sharelatex-wiki-cdn-671420.c.cdn77.org/learn-scripts/images/a/af/BiblatexStylesEx4.png]
[sharelatex-wiki-cdn-671420.c.cdn77.org/learn-scripts/images/d/dc/BiblatexStylesEx5.png]
[sharelatex-wiki-cdn-671420.c.cdn77.org/learn-scripts/images/b/ba/BiblatexStylesEx6.png]
[sharelatex-wiki-cdn-671420.c.cdn77.org/learn-scripts/images/1/14/BiblatexStylesEx7.png]
[sharelatex-wiki-cdn-671420.c.cdn77.org/learn-scripts/images/f/f6/ABiblatexStylesEx1.png]
[www.overleaf.com/learn/latex/File_Apa7.html]
[sharelatex-wiki-cdn-671420.c.cdn77.org/learn-scripts/images/4/44/Apa7.png]
[sharelatex-wiki-cdn-671420.c.cdn77.org/learn-scripts/images/3/33/ABiblatexStylesEx3.png]
[sharelatex-wiki-cdn-671420.c.cdn77.org/learn-scripts/images/1/1b/ABiblatexStylesEx4.png]
[sharelatex-wiki-cdn-671420.c.cdn77.org/learn-scripts/images/c/c1/ABiblatexStylesEx5.png]
[sharelatex-wiki-cdn-671420.c.cdn77.org/learn-scripts/images/f/f8/ABiblatexStylesEx6.png]
[sharelatex-wiki-cdn-671420.c.cdn77.org/learn-scripts/images/7/77/ABiblatexStylesEx7.png]
[sharelatex-wiki-cdn-671420.c.cdn77.org/learn-scripts/images/8/85/BiblatexStylesEx8.png]
[sharelatex-wiki-cdn-671420.c.cdn77.org/learn-scripts/images/8/8a/BiblatexStylesEx9.png]
[sharelatex-wiki-cdn-671420.c.cdn77.org/learn-scripts/images/7/76/BiblatexStylesEx10.png]
[sharelatex-wiki-cdn-671420.c.cdn77.org/learn-scripts/images/a/a6/BiblatexStylesEx11.png]
[sharelatex-wiki-cdn-671420.c.cdn77.org/learn-scripts/images/c/c4/BiblatexStylesEx12.png]
[sharelatex-wiki-cdn-671420.c.cdn77.org/learn-scripts/images/f/f9/BiblatexStylesEx13.png]
[sharelatex-wiki-cdn-671420.c.cdn77.org/learn-scripts/images/e/e4/BiblatexStylesEx14.png]
[sharelatex-wiki-cdn-671420.c.cdn77.org/learn-scripts/images/0/0c/BiblatexStylesEx15.png]
[sharelatex-wiki-cdn-671420.c.cdn77.org/learn-scripts/images/3/3a/BiblatexStylesEx16.png]
[www.overleaf.com/learn/latex/Biblatex_bibliography_styles.html]
[sharelatex-wiki-cdn-671420.c.cdn77.org/learn-scripts/images/5/5e/OLV2anotherbiblatexexample.png]
[www.overleaf.com/learn/latex/Biblatex_citation_styles.html]
[sharelatex-wiki-cdn-671420.c.cdn77.org/learn-scripts/images/6/66/BabeArticleWarnings.png]
[www.overleaf.com/learn/latex/Multilingual_typesetting_on_Overleaf_using_babel_and_fontspec.html]
[sharelatex-wiki-cdn-671420.c.cdn77.org/learn-scripts/images/7/70/OLV2EnglishDirtyTalk.png]
[sharelatex-wiki-cdn-671420.c.cdn77.org/learn-scripts/images/a/a3/OLV2FrenchDirtyTalk.png]
[sharelatex-wiki-cdn-671420.c.cdn77.org/learn-scripts/images/a/ae/OLV2csquotes.png]
[sharelatex-wiki-cdn-671420.c.cdn77.org/learn-scripts/images/b/ba/OLV2epigraph.png]
[sharelatex-wiki-cdn-671420.c.cdn77.org/learn-scripts/images/a/ac/OLV2quotchap.png]
[www.overleaf.com/learn/latex/Typesetting_quotations.html]
[sharelatex-wiki-cdn-671420.c.cdn77.org/learn-scripts/images/b/b8/OLV2SectionsChaptersEx1.png]
[sharelatex-wiki-cdn-671420.c.cdn77.org/learn-scripts/images/9/97/OLV2SectionsChaptersEx2.png]
[sharelatex-wiki-cdn-671420.c.cdn77.org/learn-scripts/images/5/58/OLV2SectionsChaptersEx3.png]
[sharelatex-wiki-cdn-671420.c.cdn77.org/learn-scripts/images/7/76/ReportMultiPage.png]
[sharelatex-wiki-cdn-671420.c.cdn77.org/learn-scripts/images/5/51/Titlesecolv2.png]
[www.overleaf.com/learn/latex/Sections_and_chapters.html]
[sharelatex-wiki-cdn-671420.c.cdn77.org/learn-scripts/images/4/47/OLv2TOC1.png]
[sharelatex-wiki-cdn-671420.c.cdn77.org/learn-scripts/images/d/d1/OLv2TOC2.png]
[www.overleaf.com/learn/latex/Table_of_contents.html]
[sharelatex-wiki-cdn-671420.c.cdn77.org/learn-scripts/images/6/62/CrossReferencesEx1Overleaf.png]
[sharelatex-wiki-cdn-671420.c.cdn77.org/learn-scripts/images/1/1c/CrossReferencesEx3Overleaf.png]
[sharelatex-wiki-cdn-671420.c.cdn77.org/learn-scripts/images/e/ea/CrossReferencesEx2Overleaf.png]
[sharelatex-wiki-cdn-671420.c.cdn77.org/learn-scripts/images/3/33/CrossReferencesEx4Overleaf.png]
[www.overleaf.com/learn/latex/Cross_referencing_sections,_equations_and_floats.html]
[sharelatex-wiki-cdn-671420.c.cdn77.org/learn-scripts/images/4/4b/Index1OLV2.png]
[sharelatex-wiki-cdn-671420.c.cdn77.org/learn-scripts/images/8/88/Index2OLV2.png]
[sharelatex-wiki-cdn-671420.c.cdn77.org/learn-scripts/images/4/4e/Index3OLV2.png]
[sharelatex-wiki-cdn-671420.c.cdn77.org/learn-scripts/images/7/71/Index4OLV2.png]
[sharelatex-wiki-cdn-671420.c.cdn77.org/learn-scripts/images/5/56/Index5OLV2.png]
[www.overleaf.com/learn/latex/Indices.html]
[sharelatex-wiki-cdn-671420.c.cdn77.org/learn-scripts/images/b/b5/Glossary1OLV2.png]
[sharelatex-wiki-cdn-671420.c.cdn77.org/learn-scripts/images/0/03/Glossary2OLV2.png]
[sharelatex-wiki-cdn-671420.c.cdn77.org/learn-scripts/images/1/14/Glossary3OLV2.png]
[sharelatex-wiki-cdn-671420.c.cdn77.org/learn-scripts/images/a/a9/Glossary4OLV2.png]
[sharelatex-wiki-cdn-671420.c.cdn77.org/learn-scripts/images/e/ee/Glossary5OLV2.png]
[sharelatex-wiki-cdn-671420.c.cdn77.org/learn-scripts/images/f/ff/Glossary6OLV2.png]
[www.overleaf.com/learn/latex/Glossaries.html]
[sharelatex-wiki-cdn-671420.c.cdn77.org/learn-scripts/images/6/6c/Nomenclatures01OLV2.png]
[sharelatex-wiki-cdn-671420.c.cdn77.org/learn-scripts/images/e/e8/Nomenclatures02OLV2.png]
[sharelatex-wiki-cdn-671420.c.cdn77.org/learn-scripts/images/3/37/Nomenclatures03verbOLV2.png]
[sharelatex-wiki-cdn-671420.c.cdn77.org/learn-scripts/images/9/9a/Nomenclatures04OLV2.png]
[sharelatex-wiki-cdn-671420.c.cdn77.org/learn-scripts/images/d/da/Nomcomplex.png]
[sharelatex-wiki-cdn-671420.c.cdn77.org/learn-scripts/images/1/15/Nomenclatures05OLV2.png]
[sharelatex-wiki-cdn-671420.c.cdn77.org/learn-scripts/images/7/75/Nomenclatures06OLV2.png]
[sharelatex-wiki-cdn-671420.c.cdn77.org/learn-scripts/images/b/b3/Nomenclatures07OLV2.png]
[www.overleaf.com/learn/latex/Nomenclatures.html]
[www.overleaf.com/learn/latex/Management_in_a_large_project.html]
[sharelatex-wiki-cdn-671420.c.cdn77.org/learn-scripts/images/3/3e/CompileSubfilesEx1OverleafV2.png]
[sharelatex-wiki-cdn-671420.c.cdn77.org/learn-scripts/images/b/b6/CompileSubfilesEx1aOverleafV2.png]
[sharelatex-wiki-cdn-671420.c.cdn77.org/learn-scripts/images/1/1b/CompileSubfilesEx2OverleafV2.png]
[sharelatex-wiki-cdn-671420.c.cdn77.org/learn-scripts/images/1/17/CompileSubfilesEx3OverleafV2.png]
[sharelatex-wiki-cdn-671420.c.cdn77.org/learn-scripts/images/b/b8/CompileSubfilesEx3Overleaf.png]
[sharelatex-wiki-cdn-671420.c.cdn77.org/learn-scripts/images/5/58/CompileSubfilesEx4OverleafV2.png]
[www.overleaf.com/learn/latex/Management_in_a_large_project#Importing_files.html]
[sharelatex-wiki-cdn-671420.c.cdn77.org/learn-scripts/images/9/93/CompileSubfilesEx5.png]
[www.overleaf.com/learn/latex/Multi-file_LaTeX_projects.html]
[www.overleaf.com/learn/latex/Hyperlinks.html]
[www.overleaf.com/learn/latex/Lengths_in_LaTeX.html]
[www.overleaf.com/learn/latex/Headers_and_footers.html]
[www.overleaf.com/learn/latex/Page_numbering.html]
[www.overleaf.com/learn/latex/Paragraph_formatting.html]
[www.overleaf.com/learn/latex/Line_breaks_and_blank_spaces.html]
[www.overleaf.com/learn/latex/Text_alignment.html]
[www.overleaf.com/learn/latex/Page_size_and_margins.html]
[www.overleaf.com/learn/latex/Single_sided_and_double_sided_documents.html]
[www.overleaf.com/learn/latex/Multiple_columns.html]
[www.overleaf.com/learn/latex/Counters.html]
[www.overleaf.com/learn/latex/Code_listing.html]
[www.overleaf.com/learn/latex/Code_Highlighting_with_minted.html]
[www.overleaf.com/learn/latex/Using_colours_in_LaTeX.html]
[www.overleaf.com/learn/latex/Footnotes.html]
[www.overleaf.com/learn/latex/Margin_notes.html]
[www.overleaf.com/learn/latex/Font_sizes,_families,_and_styles.html]
[www.overleaf.com/learn/latex/Font_typefaces.html]
[www.overleaf.com/learn/latex/XeLaTeX.html]
[www.overleaf.com/learn/latex/Beamer.html]
[www.overleaf.com/learn/latex/Powerdot.html]
[www.overleaf.com/learn/latex/Posters.html]
[www.overleaf.com/learn/latex/Commands.html]
[www.overleaf.com/learn/latex/Environments.html]
[www.overleaf.com/learn/latex/Theorems_and_proofs.html]
[www.overleaf.com/learn/latex/Chemistry_formulae.html]
[www.overleaf.com/learn/latex/Feynman_diagrams.html]
[www.overleaf.com/learn/latex/Molecular_orbital_diagrams.html]
[www.overleaf.com/learn/latex/Chess_notation.html]
[www.overleaf.com/learn/latex/Knitting_patterns.html]
[www.overleaf.com/learn/latex/CircuiTikz_package.html]
[www.overleaf.com/learn/latex/Pgfplots_package.html]
[www.overleaf.com/learn/latex/Typesetting_exams_in_LaTeX.html]
[www.overleaf.com/learn/latex/Knitr.html]
[www.overleaf.com/learn/latex/Attribute_Value_Matrices.html]
[www.overleaf.com/learn/latex/Understanding_packages_and_class_files.html]
[www.overleaf.com/learn/latex/List_of_packages_and_class_files.html]
[sharelatex-wiki-cdn-671420.c.cdn77.org/learn-scripts/images/1/12/WrittingPackagesEx1.png]
[www.overleaf.com/learn/latex/Writing_your_own_package.html]
[www.overleaf.com/learn/latex/Commands#Defining_a_new_command.html]
[sharelatex-wiki-cdn-671420.c.cdn77.org/learn-scripts/images/b/ba/WrittingClassesEx1.png]
[www.overleaf.com/learn/latex/Writing_your_own_class.html]
[www.overleaf.com/learn/latex/Free_online_introduction_to_LaTeX_(part_1).html]
[www.overleaf.com/learn/latex/Free_online_introduction_to_LaTeX_(part_2).html]
[www.overleaf.com/learn/latex/Tutorials.html]
[www.overleaf.com/learn/latex/Free_online_introduction_to_LaTeX_(part_3).html]
[sharelatex-wiki-cdn-671420.c.cdn77.org/learn-scripts/images/b/ba/Parskippackage5.png]
[sharelatex-wiki-cdn-671420.c.cdn77.org/learn-scripts/images/4/49/Parskippackageexample2.png]
[sharelatex-wiki-cdn-671420.c.cdn77.org/learn-scripts/images/5/5e/Doublepreamble.png]
[sharelatex-wiki-cdn-671420.c.cdn77.org/learn-scripts/images/c/c8/Setspaceenvironment2.png]
[sharelatex-wiki-cdn-671420.c.cdn77.org/learn-scripts/images/c/c4/Setstretchdemo.png]
[sharelatex-wiki-cdn-671420.c.cdn77.org/learn-scripts/images/d/d0/SetSingleSpaceCommand.png]
[sharelatex-wiki-cdn-671420.c.cdn77.org/learn-scripts/images/e/ed/Linestretch1.png]
[sharelatex-wiki-cdn-671420.c.cdn77.org/learn-scripts/images/4/47/Linespreaddemo.png]
[sharelatex-wiki-cdn-671420.c.cdn77.org/learn-scripts/images/2/21/Baselinestretch.png]
[sharelatex-wiki-cdn-671420.c.cdn77.org/learn-scripts/images/8/85/Multixfonts2.png]
[sharelatex-wiki-cdn-671420.c.cdn77.org/learn-scripts/images/6/6c/LinestretchvaluesALL3.png]
[sharelatex-wiki-cdn-671420.c.cdn77.org/learn-scripts/images/b/b7/LinestretchvaluesALL2.png]
[sharelatex-wiki-cdn-671420.c.cdn77.org/learn-scripts/images/2/28/OLV2parindentexamples2.png]
[sharelatex-wiki-cdn-671420.c.cdn77.org/learn-scripts/images/2/21/OLV2parskipvalues2.png]
[sharelatex-wiki-cdn-671420.c.cdn77.org/learn-scripts/images/8/8c/Settingleftskip.png]
[sharelatex-wiki-cdn-671420.c.cdn77.org/learn-scripts/images/c/ca/Settingleftskip-illustrated2.png]
[sharelatex-wiki-cdn-671420.c.cdn77.org/learn-scripts/images/e/ed/Settinglrightskip.png]
[sharelatex-wiki-cdn-671420.c.cdn77.org/learn-scripts/images/d/d3/Settinglrightskip-illustrated.png]
[sharelatex-wiki-cdn-671420.c.cdn77.org/learn-scripts/images/a/a8/Leftskipandrightskip2.png]
[sharelatex-wiki-cdn-671420.c.cdn77.org/learn-scripts/images/5/53/Leftskipandrightskip-illustrated.png]
[sharelatex-wiki-cdn-671420.c.cdn77.org/learn-scripts/images/5/55/Leftskipandrightskip--group.png]
[sharelatex-wiki-cdn-671420.c.cdn77.org/learn-scripts/images/5/5a/Baselinebasics-2.png]
[sharelatex-wiki-cdn-671420.c.cdn77.org/learn-scripts/images/6/6e/Baselinebasics-3.png]
[sharelatex-wiki-cdn-671420.c.cdn77.org/learn-scripts/images/3/32/OLV2baselineskip3.png]
[sharelatex-wiki-cdn-671420.c.cdn77.org/learn-scripts/images/c/c0/Flexybaseline.png]
[sharelatex-wiki-cdn-671420.c.cdn77.org/learn-scripts/images/9/96/Paragraphanatomy1b.png]
[sharelatex-wiki-cdn-671420.c.cdn77.org/learn-scripts/images/1/17/Paragraphanatomy2b.png]
[sharelatex-wiki-cdn-671420.c.cdn77.org/learn-scripts/images/b/bd/Paragraphanatomy3.png]
[sharelatex-wiki-cdn-671420.c.cdn77.org/learn-scripts/images/b/b9/Paragraphanatomy5.png]
[sharelatex-wiki-cdn-671420.c.cdn77.org/learn-scripts/images/e/e2/Paragraphanatomy4.png]
[sharelatex-wiki-cdn-671420.c.cdn77.org/learn-scripts/images/7/76/Paragraphanatomy6.png]
[sharelatex-wiki-cdn-671420.c.cdn77.org/learn-scripts/images/7/71/SamplePar.png]
[sharelatex-wiki-cdn-671420.c.cdn77.org/learn-scripts/images/5/5d/Lineskipglue4.png]
[sharelatex-wiki-cdn-671420.c.cdn77.org/learn-scripts/images/9/94/Calc-glue.png]
[sharelatex-wiki-cdn-671420.c.cdn77.org/learn-scripts/images/c/cd/OLV2glue-calcs-step0.png]
[sharelatex-wiki-cdn-671420.c.cdn77.org/learn-scripts/images/b/b5/OLV2glue-calcs-step1.png]
[sharelatex-wiki-cdn-671420.c.cdn77.org/learn-scripts/images/3/30/OLV2glue-calcs-step2.png]
[sharelatex-wiki-cdn-671420.c.cdn77.org/learn-scripts/images/9/99/OLV2glue-calcs-step3.png]
[sharelatex-wiki-cdn-671420.c.cdn77.org/learn-scripts/images/3/3e/OLV2glue-calcs-stepA3.png]
[sharelatex-wiki-cdn-671420.c.cdn77.org/learn-scripts/images/5/59/OLV2glue-calcs-step5.png]
[sharelatex-wiki-cdn-671420.c.cdn77.org/learn-scripts/images/9/98/Prevdepthhboxes2.png]
[sharelatex-wiki-cdn-671420.c.cdn77.org/learn-scripts/images/8/8a/Offinterlineskip1.png]
[sharelatex-wiki-cdn-671420.c.cdn77.org/learn-scripts/images/a/a9/Offinterlineskip3.png]
[sharelatex-wiki-cdn-671420.c.cdn77.org/learn-scripts/images/5/53/Nonzerolineskip.png]
[www.overleaf.com/learn/latex/Articles/How_to_change_paragraph_spacing_in_LaTeX.html]
[sharelatex-wiki-cdn-671420.c.cdn77.org/learn-scripts/images/2/22/Enumitem.png]
[sharelatex-wiki-cdn-671420.c.cdn77.org/learn-scripts/images/0/05/Leavevmode.png]
[sharelatex-wiki-cdn-671420.c.cdn77.org/learn-scripts/images/b/b9/Centerskip.png]
[www.overleaf.com/learn/latex/Errors/LaTeX_Error__There's_no_line_here_to_end.html]
[sharelatex-wiki-cdn-671420.c.cdn77.org/learn-scripts/images/d/d8/MenuButtonLatest.jpg]
[sharelatex-wiki-cdn-671420.c.cdn77.org/learn-scripts/images/b/b4/MenuforTexLive.png]
[www.overleaf.com/learn/latex/Overleaf_and_TeX_Live.html]
[sharelatex-wiki-cdn-671420.c.cdn77.org/learn-scripts/images/4/4a/EmojiSmileyPaste.jpg]
[www.overleaf.com/learn/latex/Articles/How_does_/expandafter_work__The_meaning_of_expansion.html]
[www.overleaf.com/learn/latex/Articles/How_does_/expandafter_work__An_introduction_to_TeX_tokens.html]
[sharelatex-wiki-cdn-671420.c.cdn77.org/learn-scripts/images/1/1b/EmojiSequenceChart.png]
[sharelatex-wiki-cdn-671420.c.cdn77.org/learn-scripts/images/2/2c/HandMediumSkinTone.png]
[sharelatex-wiki-cdn-671420.c.cdn77.org/learn-scripts/images/a/a7/UnicodeWavingHandDefault.png]
[sharelatex-wiki-cdn-671420.c.cdn77.org/learn-scripts/images/f/f0/FitzPatrick3.png]
[sharelatex-wiki-cdn-671420.c.cdn77.org/learn-scripts/images/9/99/ModifiersInLuaHBTeX.png]
[sharelatex-wiki-cdn-671420.c.cdn77.org/learn-scripts/images/0/09/NonJoiner.png]
[sharelatex-wiki-cdn-671420.c.cdn77.org/learn-scripts/images/8/88/Hbvieemoji.png]
[sharelatex-wiki-cdn-671420.c.cdn77.org/learn-scripts/images/4/4f/Rasterduck.png]
[sharelatex-wiki-cdn-671420.c.cdn77.org/learn-scripts/images/4/42/Db.gif]
[sharelatex-wiki-cdn-671420.c.cdn77.org/learn-scripts/images/d/d1/Harfbuzzexample.png]
[sharelatex-wiki-cdn-671420.c.cdn77.org/learn-scripts/images/7/7f/Emojimath2.png]
[www.overleaf.com/learn/latex/Articles/An_overview_of_technologies_supporting_the_use_of_colour_emoji_fonts_in_LaTeX.html]
[sharelatex-wiki-cdn-671420.c.cdn77.org/learn-scripts/images/e/ee/Image2.png]
[sharelatex-wiki-cdn-671420.c.cdn77.org/learn-scripts/images/9/97/Utf8text.png]
[sharelatex-wiki-cdn-671420.c.cdn77.org/learn-scripts/images/b/bd/Arabic_shaped.png]
[sharelatex-wiki-cdn-671420.c.cdn77.org/learn-scripts/images/0/06/Unshaped_Arabic.png]
[sharelatex-wiki-cdn-671420.c.cdn77.org/learn-scripts/images/a/ad/Logical_visual_order.png]
[sharelatex-wiki-cdn-671420.c.cdn77.org/learn-scripts/images/8/84/Babelpad.png]
[www.overleaf.com/learn/latex/Articles/Unicode,_UTF-8_and_multilingual_text__An_introduction.html]
[www.overleaf.com/learn/latex/Questions/Which_OTF_or_TTF_fonts_are_supported_via_fontspec_.html]
[www.overleaf.com/learn/latex/File_JapaneseImage5-1.html]
[www.overleaf.com/learn/latex/Questions/Can_I_run_plain_TeX_on_Overleaf_.html]
[www.overleaf.com/learn/latex/Articles/How_to_use_latexmkrc_with_Overleaf.html]
[www.overleaf.com/learn/latex/Questions/How_do_I_make_/today_display_the_date_according_to_my_time_zone_.html]
[sharelatex-wiki-cdn-671420.c.cdn77.org/learn-scripts/images/7/76/PLaTeX.png]
[www.overleaf.com/learn/latex/Questions/Does_Overleaf_support_pTeX_.html]
[www.overleaf.com/learn/latex/TeX_primitives_listed_by_TeX_engine.html]
[www.overleaf.com/learn/latex/TeX_primitives_listed_by_CJK_TeX_engine.html]
[www.overleaf.com/learn/latex/How_Overleaf_created_the_TeX_primitive_reference_data.html]
[www.overleaf.com/learn/latex/How_TeX_macros_actually_work__Part_1.html]
[www.overleaf.com/learn/latex/How_TeX_macros_actually_work__Part_2.html]
[www.overleaf.com/learn/latex/How_TeX_macros_actually_work__Part_3.html]
[www.overleaf.com/learn/latex/How_TeX_macros_actually_work__Part_4.html]
[www.overleaf.com/learn/latex/How_TeX_macros_actually_work__Part_5.html]
[www.overleaf.com/learn/latex/How_TeX_macros_actually_work__Part_6.html]
[www.overleaf.com/learn/latex/A_six-part_series__How_do_TeX_macros_actually_work_.html]
[www.overleaf.com/learn/latex/Articles/How_does_/expandafter_work__TeX_uses_temporary_token_lists.html]
[www.overleaf.com/learn/latex/Articles/How_does_/expandafter_work__From_basic_principles_to_exploring_TeX's_source_code.html]
[www.overleaf.com/learn/latex/Articles/How_does_/expandafter_work__A_detailed_macro_case_study.html]
[www.overleaf.com/learn/latex/Articles/A_six-part_article_series_on_/expandafter,_TeX_tokens_and_expansion.html]
[www.overleaf.com/learn/latex/Articles/How_does_/expandafter_work__A_detailed_study_of_consecutive_/expandafter_commands.html]
[sharelatex-wiki-cdn-671420.c.cdn77.org/learn-scripts/images/4/41/Choose_compiler.png]
[sharelatex-wiki-cdn-671420.c.cdn77.org/learn-scripts/images/b/b9/Luatex.png]
[www.overleaf.com/learn/latex/Articles/What's_in_a_Name__A_Guide_to_the_Many_Flavours_of_TeX.html]
[www.overleaf.com/learn/latex/Articles/The_two_modes_of_TeX_engines__INI_mode_and_production_mode.html]
[images.ctfassets.net/nrgyaltdicpt/ETVJdBnkdiy2Sw0UGgyGw/b8bedf53eb535dee1ec4235068d4c7b1/endlinechar.png]
[www.overleaf.com/learn/latex/Articles/An_introduction_to_/endlinechar__How_TeX_reads_lines_from_text_files.html]
[www.overleaf.com/learn/latex/Articles/A_New_Series_of_Articles__TeX_Tokens_and_Related_Concepts—But_Why_(and_How)_.html]
[sharelatex-wiki-cdn-671420.c.cdn77.org/learn-scripts/images/4/4a/Textoken.png]
[www.overleaf.com/learn/latex/Articles/What_is_a__TeX_token__.html]
[www.overleaf.com/learn/latex/Articles/What_is_a_TeX_token_list.html]
[images.ctfassets.net/nrgyaltdicpt/3E91otZcogGi8uSk4yeMs4/007bdbd22e3e879613f684600d9780e6/pathelements.png]
[images.ctfassets.net/nrgyaltdicpt/3kMkajSlnyksAGMG0E46UG/ac88c9153f7c0d029b39dbb5fec135bd/folders.png]
[images.ctfassets.net/nrgyaltdicpt/5rbZO5W72oqGQKywIcW6kS/2f3ea6817d9dab0e40cf1979a5fee848/compilerchoice.png]
[images.ctfassets.net/nrgyaltdicpt/5SilwEl9JYMsiwMoSAICem/b456165e4746082b3cea8df7dacae6b3/overleafproject.png]
[www.overleaf.com/learn/latex/Articles/An_introduction_to_Kpathsea_and_how_TeX_engines_search_for_files.html]
[www.overleaf.com/learn/latex/Articles/A_visual_guide_to_LaTeX’s_page_layout_parameters.html]
[sharelatex-wiki-cdn-671420.c.cdn77.org/learn-scripts/images/a/aa/Luatexbinding.png]
[sharelatex-wiki-cdn-671420.c.cdn77.org/learn-scripts/images/1/19/Sample_output.png]
[www.overleaf.com/learn/latex/Articles/An_Introduction_to_LuaTeX_(Part_1)__What_is_it—and_what_makes_it_so_different_.html]
[www.overleaf.com/learn/latex/Table_of_TeX_category_codes.html]
[images.ctfassets.net/nrgyaltdicpt/4jw1pdMTTLZnR3gLfndMBB/c9140ecc0a00c853d0f4b523e920b8a3/newtest-latex.png]
[images.ctfassets.net/nrgyaltdicpt/1YLrE1DJGIn6HL9zN8ivF0/4bcfc59d8fca501aecfcda1b214194ff/newtest-plaintex.png]
[images.ctfassets.net/nrgyaltdicpt/JEBwpu4oypuEdG1KmZBaP/62d4c99896323bd9951c713cf9c1931f/newtest-working.png]
[images.ctfassets.net/nrgyaltdicpt/1mgzgT2pgEFaHpTYYD1KZe/3acf108e52d9ed6e839446161507afef/strings.png]
[www.overleaf.com/learn/latex/Articles/An_Introduction_to_LuaTeX_(Part_2)__Understanding_/directlua.html]
[sharelatex-wiki-cdn-671420.c.cdn77.org/learn-scripts/images/b/b1/Running_software.png]
[www.overleaf.com/learn/latex/Articles/Using_LuaTeX_to_run_tools_and_utilities_installed_on_Overleaf’s_servers.html]
[www.overleaf.com/learn/latex/Articles/Pandora’s_/hbox__Using_LuaTeX_to_Lift_the_Lid_of_TeX_Boxes.html]
[www.overleaf.com/learn/latex/Articles/How_TeX_Calculates_Glue_Settings_in_an_/hbox.html]
[www.overleaf.com/learn/latex/Articles/Boxes_and_Glue__A_Brief,_but_Visual,_Introduction_Using_LuaTeX.html]
[www.overleaf.com/learn/latex/Articles/TeX_Tables__How_TeX_Calculates_Spanned_Column_Widths.html]
[www.overleaf.com/learn/latex/Articles/OpenType-based_math_typesetting__An_introduction_to_the_STIX2_OpenType_fonts.html]
[www.overleaf.com/learn/latex/Articles/The_Stoic_Resilience_of_PDF_Within_a_Digital_Ecosystem.html]
[www.overleaf.com/learn/latex/Articles/How_to_create_a_multilingual,_customisable_CD_disk_jewel_case_calendar_using_LaTeX.html]
[www.overleaf.com/learn/latex/Articles/A_quick_visual_guide_to_creating_table_cells_with_diagonal_lines_in_LaTeX.html]
[sharelatex-wiki-cdn-671420.c.cdn77.org/learn-scripts/images/e/ec/MarkdownExampl5.png]
[www.overleaf.com/learn/latex/Articles/How_to_write_in_Markdown_on_Overleaf.html]
[www.overleaf.com/learn/latex/Articles/Markdown_into_LaTeX_with_Style.html]
[www.overleaf.com/learn/latex/Articles/LaTeX_is_More_Powerful_than_you_Think_-_Computing_the_Fibonacci_Numbers_and_Turing_Completeness.html]
[sharelatex-wiki-cdn-671420.c.cdn77.org/learn-scripts/images/a/ab/Texsample.png]
[www.overleaf.com/learn/latex/Articles/The_TeX_family_tree__LaTeX,_pdfTeX,_XeTeX,_LuaTeX_and_ConTeXt.html]
[sharelatex-wiki-cdn-671420.c.cdn77.org/learn-scripts/images/2/29/Fract.png]
[sharelatex-wiki-cdn-671420.c.cdn77.org/learn-scripts/images/8/85/Mathclap.png]
[sharelatex-wiki-cdn-671420.c.cdn77.org/learn-scripts/images/c/c3/U238.png]
[www.overleaf.com/learn/latex/Articles/Mathtools_-_for_beautiful_math.html]
[sharelatex-wiki-cdn-671420.c.cdn77.org/learn-scripts/images/3/30/Default-format-latexdiff.png]
[sharelatex-wiki-cdn-671420.c.cdn77.org/learn-scripts/images/7/70/Changes-in-footer-latexdiff.png]
[www.overleaf.com/learn/latex/Articles/Using_Latexdiff_For_Marking_Changes_To_Tex_Documents.html]
[sharelatex-wiki-cdn-671420.c.cdn77.org/learn-scripts/images/3/33/TikZFigure_1.png]
[sharelatex-wiki-cdn-671420.c.cdn77.org/learn-scripts/images/6/6e/TiKZFigure_2.png]
[sharelatex-wiki-cdn-671420.c.cdn77.org/learn-scripts/images/9/9b/TiKZFigure_3.png]
[sharelatex-wiki-cdn-671420.c.cdn77.org/learn-scripts/images/6/63/TiKZFigure_4.png]
[sharelatex-wiki-cdn-671420.c.cdn77.org/learn-scripts/images/4/45/TiKZFigure_5.png]
[sharelatex-wiki-cdn-671420.c.cdn77.org/learn-scripts/images/1/1a/TIkZFigure_6.png]
[www.overleaf.com/learn/latex/Articles/How_to_draw_Vector_Graphics_using_TikZ_in_LaTeX.html]
[sharelatex-wiki-cdn-671420.c.cdn77.org/learn-scripts/images/a/a3/BiBLaTeXnumeric.png]
[sharelatex-wiki-cdn-671420.c.cdn77.org/learn-scripts/images/e/e6/BiBLaTeXalphabetic.png]
[sharelatex-wiki-cdn-671420.c.cdn77.org/learn-scripts/images/2/21/BiBLaTeXreading.png]
[sharelatex-wiki-cdn-671420.c.cdn77.org/learn-scripts/images/2/2a/BiBLaTeXauthoryear.png]
[sharelatex-wiki-cdn-671420.c.cdn77.org/learn-scripts/images/0/05/BiBLaTeXprepost.png]
[sharelatex-wiki-cdn-671420.c.cdn77.org/learn-scripts/images/1/1e/BiBLaTeXtypes.png]
[sharelatex-wiki-cdn-671420.c.cdn77.org/learn-scripts/images/d/d6/BiBLaTeXmajor.png]
[www.overleaf.com/learn/latex/Articles/Getting_started_with_BibLaTeX.html]
[www.overleaf.com/index.html]
[sharelatex-wiki-cdn-671420.c.cdn77.org/learn-scripts/images/2/25/Amsmathmacro.png]
[www.overleaf.com/learn/latex/Errors/Misplaced_alignment_tab_character_&.html]
[sharelatex-wiki-cdn-671420.c.cdn77.org/learn-scripts/images/5/5d/TabularError.png]
[sharelatex-wiki-cdn-671420.c.cdn77.org/learn-scripts/images/8/82/ArrayTabError.png]
[www.overleaf.com/learn/latex/Errors/Extra_alignment_tab_has_been_changed_to_/cr.html]
[sharelatex-wiki-cdn-671420.c.cdn77.org/learn-scripts/images/e/e9/Doublesubscripterror2.png]
[www.overleaf.com/learn/latex/Errors/Double_subscript.html]
[sharelatex-wiki-cdn-671420.c.cdn77.org/learn-scripts/images/b/b2/OLdisplaymatherrors.png]
[sharelatex-wiki-cdn-671420.c.cdn77.org/learn-scripts/images/c/c1/OLdisplaymathtwoerrors.png]
[www.overleaf.com/learn/latex/Errors/Display_math_should_end_with_$$.html]
[sharelatex-wiki-cdn-671420.c.cdn77.org/learn-scripts/images/f/fa/Alphaoutside2.png]
[sharelatex-wiki-cdn-671420.c.cdn77.org/learn-scripts/images/d/d9/Ifmmodeexample.png]
[www.overleaf.com/learn/latex/Errors/Missing_$_inserted.html]
[www.overleaf.com/learn/latex/Errors/There_were_undefined_references.html]
[www.overleaf.com/learn/latex/Errors/There_were_multiply-defined_labels.html]
[www.overleaf.com/learn/latex/Errors/`!h'_float_specifier_changed_to_`!ht'.html]
[www.overleaf.com/learn/latex/Errors/No_positions_in_optional_float_specifier.html]
[www.overleaf.com/learn/latex/Errors/Undefined_control_sequence.html]
[sharelatex-wiki-cdn-671420.c.cdn77.org/learn-scripts/images/5/5d/Uploadimage.png]
[sharelatex-wiki-cdn-671420.c.cdn77.org/learn-scripts/images/6/66/Imagefolder.png]
[sharelatex-wiki-cdn-671420.c.cdn77.org/learn-scripts/images/c/c7/Imageexample.png]
[www.overleaf.com/learn/latex/Errors/File_XXX_not_found_on_input_line_XXX.html]
[sharelatex-wiki-cdn-671420.c.cdn77.org/learn-scripts/images/7/7a/Missingnumbervspace.png]
[www.overleaf.com/learn/latex/Errors/Missing_number,_treated_as_zero.html]
[www.overleaf.com/learn/latex/Errors/Illegal_unit_of_measure_(pt_inserted).html]
[sharelatex-wiki-cdn-671420.c.cdn77.org/learn-scripts/images/b/b5/Align.png]
[www.overleaf.com/learn/latex/Errors/LaTeX_Error__Environment_XXX_undefined.html]
[www.overleaf.com/learn/latex/Errors/LaTeX_Error__Can_be_used_only_in_preamble.html]
[sharelatex-wiki-cdn-671420.c.cdn77.org/learn-scripts/images/9/9e/Lefthandmenu.png]
[sharelatex-wiki-cdn-671420.c.cdn77.org/learn-scripts/images/e/e5/Maindocument.png]
[www.overleaf.com/learn/latex/Errors/LaTeX_Error__Missing_/begin_document.html]
[sharelatex-wiki-cdn-671420.c.cdn77.org/learn-scripts/images/b/b9/Verbatim.png]
[sharelatex-wiki-cdn-671420.c.cdn77.org/learn-scripts/images/8/80/Delimiters.png]
[sharelatex-wiki-cdn-671420.c.cdn77.org/learn-scripts/images/b/bd/Cprotect.png]
[www.overleaf.com/learn/latex/Errors/LaTeX_Error__/verb_ended_by_end_of_line.html]
[www.overleaf.com/learn/latex/Errors/No_/author_given.html]
[sharelatex-wiki-cdn-671420.c.cdn77.org/learn-scripts/images/6/6f/Table.png]
[www.overleaf.com/learn/latex/Errors/Misplaced_/noalign.html]
[sharelatex-wiki-cdn-671420.c.cdn77.org/learn-scripts/images/5/51/Listexample.png]
[www.overleaf.com/learn/latex/Errors/LaTeX_Error__Something's_wrong--perhaps_a_missing_/item.html]
[sharelatex-wiki-cdn-671420.c.cdn77.org/learn-scripts/images/8/88/Choosecompiler.png]
[www.overleaf.com/learn/latex/Errors/LaTeX_Error__Unknown_graphics_extension__.html]
[www.overleaf.com/learn/latex/Questions/How_to_include_a_bibliography_using_bibtex.html]
[www.overleaf.com/learn/latex/File_Apa7.html]
[www.overleaf.com/learn/latex/Management_in_a_large_project#Importing_files.html]
[sharelatex-wiki-cdn-671420.c.cdn77.org/learn-scripts/images/e/ed/OLV2basic.png]
[sharelatex-wiki-cdn-671420.c.cdn77.org/learn-scripts/images/2/24/OLV2basiclist.png]
[sharelatex-wiki-cdn-671420.c.cdn77.org/learn-scripts/images/9/95/OLV2basiccmd.png]
[www.overleaf.com/learn/latex/Management_in_a_large_project#Inputting_and_including_files.html]
[sharelatex-wiki-cdn-671420.c.cdn77.org/learn-scripts/images/d/d9/OLV2basiccmdparam.png]
[sharelatex-wiki-cdn-671420.c.cdn77.org/learn-scripts/images/2/2a/OLV2basiccmdparamopt3.png]
[sharelatex-wiki-cdn-671420.c.cdn77.org/learn-scripts/images/e/e6/OLV2duplicate2.png]
[sharelatex-wiki-cdn-671420.c.cdn77.org/learn-scripts/images/2/26/OLV2basiccmdrenew.png]
[www.overleaf.com/learn/latex/Commands#Defining_a_new_command.html]
[www.overleaf.com/learn/latex/Free_online_introduction_to_LaTeX_(part_1).html]
[www.overleaf.com/learn/latex/Free_online_introduction_to_LaTeX_(part_2).html]
[www.overleaf.com/learn/latex/Free_online_introduction_to_LaTeX_(part_3).html]
[www.overleaf.com/learn/latex/Articles/How_does_/expandafter_work__The_meaning_of_expansion.html]
[www.overleaf.com/learn/latex/Articles/How_does_/expandafter_work__An_introduction_to_TeX_tokens.html]
[www.overleaf.com/learn/latex/Questions/Can_I_run_plain_TeX_on_Overleaf_.html]
[www.overleaf.com/learn/latex/Latex-questions/I_have_a_lot_of_.cls,_.sty,_.bst_files,_and_I_want_to_put_them_in_a_folder_to_keep_my_project_uncluttered._But_my_project_is_not_finding_them_to_compile]
[sharelatex-wiki-cdn-671420.c.cdn77.org/learn-scripts/images/e/e2/Latexmkrc-timezone.gif]
[www.overleaf.com/learn/latex/Questions/How_do_I_make_/today_display_the_date_according_to_my_time_zone_.html]
[www.overleaf.com/learn/latex/abovedisplayskip_and_related_commands.html]
[www.overleaf.com/learn/latex/badness.html]
[www.overleaf.com/learn/latex/MLTeX_EncTeX_and_SyncTeX_TeX_extensions.html]
[www.overleaf.com/learn/latex/hfuzz.html]
[www.overleaf.com/learn/latex/overfullrule.html]
[www.overleaf.com/learn/latex/pdfinclusionerrorlevel.html]
[www.overleaf.com/learn/latex/pdfminorversion.html]
[www.overleaf.com/learn/latex/pdfoutput.html]
[www.overleaf.com/learn/latex/TeX_primitives_listed_by_TeX_engine.html]
[www.overleaf.com/learn/latex/pdfpagewidth_and_/pdfpageheight.html]
[images.ctfassets.net/nrgyaltdicpt/3mwNoMxTv4I7h9lljR875g/ce426bbe4742c5b6b6c03b2f91fb0eee/texcode.png]
[www.overleaf.com/learn/latex/How_Overleaf_created_the_TeX_primitive_reference_data.html]
[www.overleaf.com/learn/latex/Articles/What's_in_a_Name__A_Guide_to_the_Many_Flavours_of_TeX#The_genesis_of_TeX__A_brief_history.html]
[images.ctfassets.net/nrgyaltdicpt/1EsiSUYV5TiBTnBZ8RvImR/78ba61c28f568ea0a5b9ecac7a4f6c83/charcodes.png]
[www.overleaf.com/learn/latex/How_TeX_macros_actually_work__Part_1.html]
[www.overleaf.com/learn/latex/How_TeX_macros_actually_work__Part_2.html]
[www.overleaf.com/learn/latex/How_TeX_macros_actually_work__Part_3.html]
[images.ctfassets.net/nrgyaltdicpt/11So94fMSVHBjjwV3EgDpA/65e2ef68a28b270a2ccfd3f60800c0f5/macro1.png]
[images.ctfassets.net/nrgyaltdicpt/6mPr5aBpcEUASksK3jabdE/d166bb0a26a180907cc1ca090e029f78/macro2.png]
[images.ctfassets.net/nrgyaltdicpt/79i6UwL4e2QstkLHApkDkh/e692430684201652b9bc61a04574952d/macro3.png]
[images.ctfassets.net/nrgyaltdicpt/1TOrLHma2YHuoh1q9uHUiW/fd2af1f275b0d70e4d258b5874865563/macro4.png]
[images.ctfassets.net/nrgyaltdicpt/5R4GRhx16NDw0nzbQ6GJZF/cd56124dd49066d3addaa6fb0cc7d3ea/macro5.png]
[images.ctfassets.net/nrgyaltdicpt/59fhreVF5A1WHz1Gs3t1lk/219ab8ce2d692e2cb8a8b0fe591dd280/macro6.png]
[www.overleaf.com/learn/latex/How_TeX_macros_actually_work__Part_4.html]
[www.overleaf.com/learn/latex/How_TeX_macros_actually_work__Part_5.html]
[images.ctfassets.net/nrgyaltdicpt/79BF2eg7osIfPN7cHP42Xm/384b59ca59df3cfdd1ccb1287bca11df/bookmacro.png]
[www.overleaf.com/learn/latex/How_TeX_macros_actually_work__Part_6.html]
[www.overleaf.com/learn/latex/Articles/How_does_/expandafter_work__TeX_uses_temporary_token_lists.html]
[www.overleaf.com/learn/latex/Articles/How_does_/expandafter_work__From_basic_principles_to_exploring_TeX's_source_code.html]
[www.overleaf.com/learn/latex/Articles/How_does_/expandafter_work__A_detailed_macro_case_study.html]
[www.overleaf.com/learn/latex/Articles/How_does_/expandafter_work__A_detailed_study_of_consecutive_/expandafter_commands.html]
[www.overleaf.com/learn/latex/Table_of_TeX_category_codes.html]
[www.overleaf.com/learn/latex/Management_in_a_large_project#Inputting_and_including_files.html]
[www.overleaf.com/learn/latex/Questions/I_have_a_lot_of_.cls,_.sty,_.bst_files,_and_I_want_to_put_them_in_a_folder_to_keep_my_project_uncluttered._But_my_project_is_not_finding_them_to_compile_corre]
[www.overleaf.com/learn/latex/abovedisplayskip_and_related_commands.html]
[www.overleaf.com/learn/latex/Questions/I_have_a_lot_of_.cls,_.sty,_.bst_files,_and_I_want_to_put_them_in_a_folder_to_keep_my_project_uncluttered.html]
[www.overleaf.com/learn/latex/badness.html]
[www.overleaf.com/learn/latex/hbadness.html]
[www.overleaf.com/learn/latex/MLTeX_EncTeX_and_SyncTeX_TeX_extensions.html]
[www.overleaf.com/learn/latex/hfuzz.html]
[www.overleaf.com/learn/latex/overfullrule.html]
[www.overleaf.com/learn/latex/pdfinclusionerrorlevel.html]
[www.overleaf.com/learn/latex/pdfminorversion.html]
[www.overleaf.com/learn/latex/pdfoutput.html]
[www.overleaf.com/learn/latex/pdfpagewidth_and_/pdfpageheight.html]
[www.overleaf.com/learn/latex/Articles/What's_in_a_Name__A_Guide_to_the_Many_Flavours_of_TeX#The_genesis_of_TeX__A_brief_history.html]
[www.overleaf.com/learn/latex/Questions/I_have_a_lot_of_.cls,_.sty,_.bst_files,_and_I_want_to_put_them_in_a_folder_to_keep_my_project_uncluttered.html]
[www.overleaf.com/learn/latex/hbadness.html]
[www.overleaf.com/learn/latex/TeX_engine_command_line_options_for_pdfTeX,_XeTeX_and_LuaTeX.html]
[www.overleaf.com/learn/latex/TeX_engine_command_line_options_for_pdfTeX,_XeTeX_and_LuaTeX.html]
